// Jest Snapshot v1, https://goo.gl/fbAQLP

exports[`should match snapshot 1`] = `
<section
  className="MessagesList-messagesList-2"
/>
`;
