// Jest Snapshot v1, https://goo.gl/fbAQLP

exports[`should match snapshot 1`] = `
<aside
  className="Sidebar-sidebar-102"
>
  <div
    className="MuiPaper-root-105 MuiPaper-shadow1-108 MuiPaper-rounded-106 Sidebar-searchChatForm-101"
  >
    <form>
      <div
        className="MuiInput-root-132 MuiInput-fullWidth-140 MuiInput-inkbar-134 MuiInput-underline-138"
        onBlur={[Function]}
        onFocus={[Function]}
      >
        <input
          aria-invalid={undefined}
          aria-required={undefined}
          autoComplete={undefined}
          autoFocus={undefined}
          className="MuiInput-input-141"
          defaultValue={undefined}
          disabled={undefined}
          id="chatSearch"
          name={undefined}
          onChange={[Function]}
          onKeyDown={undefined}
          onKeyUp={undefined}
          placeholder="Search chats..."
          readOnly={undefined}
          required={undefined}
          rows={undefined}
          type="text"
          value=""
        />
      </div>
    </form>
  </div>
  <ul
    className="MuiList-root-147 MuiList-padding-148 Sidebar-chatsList-103"
  />
  <button
    aria-label="add"
    className="MuiButtonBase-root-166 MuiButton-root-151 MuiButton-raised-156 MuiButton-fab-161 MuiButton-raisedPrimary-158 Sidebar-addChatBtn-104"
    disabled={false}
    onBlur={[Function]}
    onClick={[Function]}
    onFocus={[Function]}
    onKeyDown={[Function]}
    onKeyUp={[Function]}
    onMouseDown={[Function]}
    onMouseLeave={[Function]}
    onMouseUp={[Function]}
    onTouchEnd={[Function]}
    onTouchMove={[Function]}
    onTouchStart={[Function]}
    tabIndex="0"
    type="button"
  >
    <span
      className="MuiButton-label-152"
    >
      <svg
        aria-hidden="true"
        className="MuiSvgIcon-root-168 MuiSvgIcon-fontSize-174"
        color={undefined}
        focusable="false"
        viewBox="0 0 24 24"
      >
        <path
          d="M19 13h-6v6h-2v-6H5v-2h6V5h2v6h6v2z"
        />
      </svg>
    </span>
    <span
      className="MuiTouchRipple-root-175"
    />
  </button>
  <div
    className="MuiBottomNavigation-root-182"
  >
    <button
      className="MuiButtonBase-root-166 MuiBottomNavigationAction-root-183 MuiBottomNavigationAction-selected-184"
      disabled={undefined}
      onBlur={[Function]}
      onClick={[Function]}
      onFocus={[Function]}
      onKeyDown={[Function]}
      onKeyUp={[Function]}
      onMouseDown={[Function]}
      onMouseLeave={[Function]}
      onMouseUp={[Function]}
      onTouchEnd={[Function]}
      onTouchMove={[Function]}
      onTouchStart={[Function]}
      tabIndex="0"
      type="button"
    >
      <span
        className="MuiBottomNavigationAction-wrapper-186"
      >
        <svg
          aria-hidden="true"
          className="MuiSvgIcon-root-168"
          color={undefined}
          focusable="false"
          viewBox="0 0 24 24"
        >
          <path
            d="M13 3c-4.97 0-9 4.03-9 9H1l3.89 3.89.07.14L9 12H6c0-3.87 3.13-7 7-7s7 3.13 7 7-3.13 7-7 7c-1.93 0-3.68-.79-4.94-2.06l-1.42 1.42C8.27 19.99 10.51 21 13 21c4.97 0 9-4.03 9-9s-4.03-9-9-9zm-1 5v5l4.28 2.54.72-1.21-3.5-2.08V8H12z"
          />
        </svg>
        <span
          className="MuiBottomNavigationAction-label-187 MuiBottomNavigationAction-selectedLabel-188"
        >
          My Chats
        </span>
      </span>
      <span
        className="MuiTouchRipple-root-175"
      />
    </button>
    <button
      className="MuiButtonBase-root-166 MuiBottomNavigationAction-root-183"
      disabled={undefined}
      onBlur={[Function]}
      onClick={[Function]}
      onFocus={[Function]}
      onKeyDown={[Function]}
      onKeyUp={[Function]}
      onMouseDown={[Function]}
      onMouseLeave={[Function]}
      onMouseUp={[Function]}
      onTouchEnd={[Function]}
      onTouchMove={[Function]}
      onTouchStart={[Function]}
      tabIndex="0"
      type="button"
    >
      <span
        className="MuiBottomNavigationAction-wrapper-186"
      >
        <svg
          aria-hidden="true"
          className="MuiSvgIcon-root-168"
          color={undefined}
          focusable="false"
          viewBox="0 0 24 24"
        >
          <path
            d="M12 10.9c-.61 0-1.1.49-1.1 1.1s.49 1.1 1.1 1.1c.61 0 1.1-.49 1.1-1.1s-.49-1.1-1.1-1.1zM12 2C6.48 2 2 6.48 2 12s4.48 10 10 10 10-4.48 10-10S17.52 2 12 2zm2.19 12.19L6 18l3.81-8.19L18 6l-3.81 8.19z"
          />
        </svg>
        <span
          className="MuiBottomNavigationAction-label-187"
        >
          Explore
        </span>
      </span>
      <span
        className="MuiTouchRipple-root-175"
      />
    </button>
  </div>
</aside>
`;
